Archive member included to satisfy reference by file (symbol)

c:/msys64/mingw64/bin/../lib/gcc/arm-none-eabi/10.1.0/../../../../arm-none-eabi/lib/thumb/v7e-m/nofp\libstdc++.a(class_type_info.o)
                              CMakeFiles/Target.elf.dir/Lib/main.cpp.obj (vtable for __cxxabiv1::__class_type_info)
c:/msys64/mingw64/bin/../lib/gcc/arm-none-eabi/10.1.0/../../../../arm-none-eabi/lib/thumb/v7e-m/nofp\libstdc++.a(del_ops.o)
                              c:/msys64/mingw64/bin/../lib/gcc/arm-none-eabi/10.1.0/../../../../arm-none-eabi/lib/thumb/v7e-m/nofp\libstdc++.a(class_type_info.o) (operator delete(void*, unsigned int))
c:/msys64/mingw64/bin/../lib/gcc/arm-none-eabi/10.1.0/../../../../arm-none-eabi/lib/thumb/v7e-m/nofp\libstdc++.a(pure.o)
                              CMakeFiles/Target.elf.dir/Lib/main.cpp.obj (__cxa_pure_virtual)
c:/msys64/mingw64/bin/../lib/gcc/arm-none-eabi/10.1.0/../../../../arm-none-eabi/lib/thumb/v7e-m/nofp\libstdc++.a(si_class_type_info.o)
                              CMakeFiles/Target.elf.dir/Lib/main.cpp.obj (vtable for __cxxabiv1::__si_class_type_info)
c:/msys64/mingw64/bin/../lib/gcc/arm-none-eabi/10.1.0/../../../../arm-none-eabi/lib/thumb/v7e-m/nofp\libstdc++.a(tinfo.o)
                              c:/msys64/mingw64/bin/../lib/gcc/arm-none-eabi/10.1.0/../../../../arm-none-eabi/lib/thumb/v7e-m/nofp\libstdc++.a(class_type_info.o) (std::type_info::~type_info())
c:/msys64/mingw64/bin/../lib/gcc/arm-none-eabi/10.1.0/../../../../arm-none-eabi/lib/thumb/v7e-m/nofp\libstdc++.a(del_op.o)
                              c:/msys64/mingw64/bin/../lib/gcc/arm-none-eabi/10.1.0/../../../../arm-none-eabi/lib/thumb/v7e-m/nofp\libstdc++.a(del_ops.o) (operator delete(void*))
c:/msys64/mingw64/bin/../lib/gcc/arm-none-eabi/10.1.0/../../../../arm-none-eabi/lib/thumb/v7e-m/nofp\libstdc++.a(eh_terminate.o)
                              c:/msys64/mingw64/bin/../lib/gcc/arm-none-eabi/10.1.0/../../../../arm-none-eabi/lib/thumb/v7e-m/nofp\libstdc++.a(pure.o) (std::terminate())
c:/msys64/mingw64/bin/../lib/gcc/arm-none-eabi/10.1.0/../../../../arm-none-eabi/lib/thumb/v7e-m/nofp\libstdc++.a(eh_unex_handler.o)
                              c:/msys64/mingw64/bin/../lib/gcc/arm-none-eabi/10.1.0/../../../../arm-none-eabi/lib/thumb/v7e-m/nofp\libstdc++.a(eh_terminate.o) (__cxxabiv1::__unexpected_handler)
c:/msys64/mingw64/bin/../lib/gcc/arm-none-eabi/10.1.0/../../../../arm-none-eabi/lib/thumb/v7e-m/nofp\libstdc++.a(vterminate.o)
                              c:/msys64/mingw64/bin/../lib/gcc/arm-none-eabi/10.1.0/../../../../arm-none-eabi/lib/thumb/v7e-m/nofp\libstdc++.a(eh_terminate.o) (__gnu_cxx::__verbose_terminate_handler())
c:/msys64/mingw64/bin/../lib/gcc/arm-none-eabi/10.1.0/../../../../arm-none-eabi/lib/thumb/v7e-m/nofp\libstdc++.a(cp-demangle.o)
                              c:/msys64/mingw64/bin/../lib/gcc/arm-none-eabi/10.1.0/../../../../arm-none-eabi/lib/thumb/v7e-m/nofp\libstdc++.a(vterminate.o) (__cxa_demangle)
c:/msys64/mingw64/bin/../lib/gcc/arm-none-eabi/10.1.0/../../../../arm-none-eabi/lib/thumb/v7e-m/nofp\libstdc++.a(eh_arm.o)
                              c:/msys64/mingw64/bin/../lib/gcc/arm-none-eabi/10.1.0/../../../../arm-none-eabi/lib/thumb/v7e-m/nofp\libstdc++.a(eh_terminate.o) (__cxa_end_cleanup)
c:/msys64/mingw64/bin/../lib/gcc/arm-none-eabi/10.1.0/../../../../arm-none-eabi/lib/thumb/v7e-m/nofp\libstdc++.a(eh_call.o)
                              c:/msys64/mingw64/bin/../lib/gcc/arm-none-eabi/10.1.0/../../../../arm-none-eabi/lib/thumb/v7e-m/nofp\libstdc++.a(eh_terminate.o) (__cxa_call_unexpected)
c:/msys64/mingw64/bin/../lib/gcc/arm-none-eabi/10.1.0/../../../../arm-none-eabi/lib/thumb/v7e-m/nofp\libstdc++.a(eh_catch.o)
                              c:/msys64/mingw64/bin/../lib/gcc/arm-none-eabi/10.1.0/../../../../arm-none-eabi/lib/thumb/v7e-m/nofp\libstdc++.a(eh_terminate.o) (__cxa_begin_catch)
c:/msys64/mingw64/bin/../lib/gcc/arm-none-eabi/10.1.0/../../../../arm-none-eabi/lib/thumb/v7e-m/nofp\libstdc++.a(eh_exception.o)
                              c:/msys64/mingw64/bin/../lib/gcc/arm-none-eabi/10.1.0/../../../../arm-none-eabi/lib/thumb/v7e-m/nofp\libstdc++.a(eh_call.o) (std::bad_exception::~bad_exception())
c:/msys64/mingw64/bin/../lib/gcc/arm-none-eabi/10.1.0/../../../../arm-none-eabi/lib/thumb/v7e-m/nofp\libstdc++.a(eh_globals.o)
                              c:/msys64/mingw64/bin/../lib/gcc/arm-none-eabi/10.1.0/../../../../arm-none-eabi/lib/thumb/v7e-m/nofp\libstdc++.a(eh_call.o) (__cxa_get_globals_fast)
c:/msys64/mingw64/bin/../lib/gcc/arm-none-eabi/10.1.0/../../../../arm-none-eabi/lib/thumb/v7e-m/nofp\libstdc++.a(eh_personality.o)
                              c:/msys64/mingw64/bin/../lib/gcc/arm-none-eabi/10.1.0/../../../../arm-none-eabi/lib/thumb/v7e-m/nofp\libstdc++.a(eh_terminate.o) (__gxx_personality_v0)
c:/msys64/mingw64/bin/../lib/gcc/arm-none-eabi/10.1.0/../../../../arm-none-eabi/lib/thumb/v7e-m/nofp\libstdc++.a(eh_term_handler.o)
[...]
Memory Configuration

Name             Origin             Length             Attributes
FLASH            0x0000000008000000 0x0000000000010000 xr
RAM              0x0000000020000000 0x0000000000002000 xrw
*default*        0x0000000000000000 0xffffffffffffffff

Linker script and memory map

LOAD c:/msys64/mingw64/bin/../lib/gcc/arm-none-eabi/10.1.0/thumb/v7e-m/nofp/crti.o
LOAD c:/msys64/mingw64/bin/../lib/gcc/arm-none-eabi/10.1.0/thumb/v7e-m/nofp/crtbegin.o
LOAD c:/msys64/mingw64/bin/../lib/gcc/arm-none-eabi/10.1.0/../../../../arm-none-eabi/lib/thumb/v7e-m/nofp/crt0.o
LOAD CMakeFiles/Target.elf.dir/Lib/main.cpp.obj
LOAD c:/msys64/mingw64/bin/../lib/gcc/arm-none-eabi/10.1.0/../../../../arm-none-eabi/lib/thumb/v7e-m/nofp\libstdc++.a
LOAD c:/msys64/mingw64/bin/../lib/gcc/arm-none-eabi/10.1.0/../../../../arm-none-eabi/lib/thumb/v7e-m/nofp\libm.a
START GROUP
LOAD c:/msys64/mingw64/bin/../lib/gcc/arm-none-eabi/10.1.0/thumb/v7e-m/nofp\libgcc.a
LOAD c:/msys64/mingw64/bin/../lib/gcc/arm-none-eabi/10.1.0/../../../../arm-none-eabi/lib/thumb/v7e-m/nofp\libg.a
LOAD c:/msys64/mingw64/bin/../lib/gcc/arm-none-eabi/10.1.0/../../../../arm-none-eabi/lib/thumb/v7e-m/nofp\libc.a
END GROUP
LOAD c:/msys64/mingw64/bin/../lib/gcc/arm-none-eabi/10.1.0/thumb/v7e-m/nofp/crtend.o
LOAD c:/msys64/mingw64/bin/../lib/gcc/arm-none-eabi/10.1.0/thumb/v7e-m/nofp/crtn.o
                0x0000000020002000                _estack = 0x20002000
                0x0000000000000200                _Min_Heap_Size = 0x200
                0x0000000000000400                _Min_Stack_Size = 0x400

.isr_vector     0x0000000008000000        0x0
                0x0000000008000000                . = ALIGN (0x4)
 *(.isr_vector)
                0x0000000008000000                . = ALIGN (0x4)

.text           0x0000000008000000      0x9d8
                0x0000000008000000                . = ALIGN (0x4)
 *(.text)
 .text          0x0000000008000000        0xc c:/msys64/mingw64/bin/../lib/gcc/arm-none-eabi/10.1.0/../../../../arm-none-eabi/lib/thumb/v7e-m/nofp\libg.a(lib_a-atexit.o)
                0x0000000008000000                atexit
 .text          0x000000000800000c       0x34 c:/msys64/mingw64/bin/../lib/gcc/arm-none-eabi/10.1.0/../../../../arm-none-eabi/lib/thumb/v7e-m/nofp\libg.a(lib_a-fini.o)
                0x000000000800000c                __libc_fini_array
 .text          0x0000000008000040       0x28 c:/msys64/mingw64/bin/../lib/gcc/arm-none-eabi/10.1.0/../../../../arm-none-eabi/lib/thumb/v7e-m/nofp\libg.a(lib_a-lock.o)
                0x0000000008000040                __retarget_lock_init
                0x0000000008000044                __retarget_lock_init_recursive
                0x0000000008000048                __retarget_lock_close
                0x000000000800004c                __retarget_lock_close_recursive
                0x0000000008000050                __retarget_lock_acquire
                0x0000000008000054                __retarget_lock_acquire_recursive
                0x0000000008000058                __retarget_lock_try_acquire
                0x000000000800005c                __retarget_lock_try_acquire_recursive
                0x0000000008000060                __retarget_lock_release
                0x0000000008000064                __retarget_lock_release_recursive
 .text          0x0000000008000068       0x20 c:/msys64/mingw64/bin/../lib/gcc/arm-none-eabi/10.1.0/../../../../arm-none-eabi/lib/thumb/v7e-m/nofp\libg.a(lib_a-malloc.o)
                0x0000000008000068                malloc
                0x0000000008000078                free
 .text          0x0000000008000088      0x564 c:/msys64/mingw64/bin/../lib/gcc/arm-none-eabi/10.1.0/../../../../arm-none-eabi/lib/thumb/v7e-m/nofp\libg.a(lib_a-mallocr.o)
                0x0000000008000088                _malloc_r
 .text          0x00000000080005ec       0x18 c:/msys64/mingw64/bin/../lib/gcc/arm-none-eabi/10.1.0/../../../../arm-none-eabi/lib/thumb/v7e-m/nofp\libg.a(lib_a-mlock.o)
                0x00000000080005ec                __malloc_lock
                0x00000000080005f8                __malloc_unlock
 .text          0x0000000008000604       0x24 c:/msys64/mingw64/bin/../lib/gcc/arm-none-eabi/10.1.0/../../../../arm-none-eabi/lib/thumb/v7e-m/nofp\libg.a(lib_a-sbrkr.o)
                0x0000000008000604                _sbrk_r
 .text          0x0000000008000628       0x88 c:/msys64/mingw64/bin/../lib/gcc/arm-none-eabi/10.1.0/../../../../arm-none-eabi/lib/thumb/v7e-m/nofp\libg.a(lib_a-__atexit.o)
                0x0000000008000628                __register_exitproc
 .text          0x00000000080006b0      0x294 c:/msys64/mingw64/bin/../lib/gcc/arm-none-eabi/10.1.0/../../../../arm-none-eabi/lib/thumb/v7e-m/nofp\libg.a(lib_a-freer.o)
                0x00000000080006b0                _malloc_trim_r
                0x0000000008000750                _free_r
 *(.text*)
 .text.__do_global_dtors_aux
                0x0000000008000944       0x24 c:/msys64/mingw64/bin/../lib/gcc/arm-none-eabi/10.1.0/thumb/v7e-m/nofp/crtbegin.o
 .text.frame_dummy
                0x0000000008000968       0x1c c:/msys64/mingw64/bin/../lib/gcc/arm-none-eabi/10.1.0/thumb/v7e-m/nofp/crtbegin.o
 .text.startup._GLOBAL__sub_I__ZN9__gnu_cxx9__freeresEv
                0x0000000008000984       0x28 c:/msys64/mingw64/bin/../lib/gcc/arm-none-eabi/10.1.0/../../../../arm-none-eabi/lib/thumb/v7e-m/nofp\libstdc++.a(eh_alloc.o)
 .text.startup  0x00000000080009ac       0x14 c:/msys64/mingw64/bin/../lib/gcc/arm-none-eabi/10.1.0/../../../../arm-none-eabi/lib/thumb/v7e-m/nofp\libg.a(lib_a-__call_atexit.o)
 *(.glue_7)
 .glue_7        0x00000000080009c0        0x0 linker stubs
 *(.glue_7t)
 .glue_7t       0x00000000080009c0        0x0 linker stubs
 *(.eh_frame)
 .eh_frame      0x00000000080009c0        0x0 c:/msys64/mingw64/bin/../lib/gcc/arm-none-eabi/10.1.0/thumb/v7e-m/nofp/crtbegin.o
 *(.init)
 .init          0x00000000080009c0        0x4 c:/msys64/mingw64/bin/../lib/gcc/arm-none-eabi/10.1.0/thumb/v7e-m/nofp/crti.o
                0x00000000080009c0                _init
 .init          0x00000000080009c4        0x8 c:/msys64/mingw64/bin/../lib/gcc/arm-none-eabi/10.1.0/thumb/v7e-m/nofp/crtn.o
 *(.fini)
 .fini          0x00000000080009cc        0x4 c:/msys64/mingw64/bin/../lib/gcc/arm-none-eabi/10.1.0/thumb/v7e-m/nofp/crti.o
                0x00000000080009cc                _fini
 .fini          0x00000000080009d0        0x8 c:/msys64/mingw64/bin/../lib/gcc/arm-none-eabi/10.1.0/thumb/v7e-m/nofp/crtn.o
                0x00000000080009d8                . = ALIGN (0x4)
                0x00000000080009d8                _etext = .

.vfp11_veneer   0x00000000080009d8        0x0
 .vfp11_veneer  0x00000000080009d8        0x0 linker stubs

.v4_bx          0x00000000080009d8        0x0
 .v4_bx         0x00000000080009d8        0x0 linker stubs

.iplt           0x00000000080009d8        0x0
 .iplt          0x00000000080009d8        0x0 c:/msys64/mingw64/bin/../lib/gcc/arm-none-eabi/10.1.0/thumb/v7e-m/nofp/crtbegin.o

.rodata         0x00000000080009d8        0x4
                0x00000000080009d8                . = ALIGN (0x4)
 *(.rodata)
 .rodata        0x00000000080009d8        0x4 c:/msys64/mingw64/bin/../lib/gcc/arm-none-eabi/10.1.0/../../../../arm-none-eabi/lib/thumb/v7e-m/nofp\libg.a(lib_a-impure.o)
                0x00000000080009d8                _global_impure_ptr
 *(.rodata*)
                0x00000000080009dc                . = ALIGN (0x4)

.ARM.extab
 *(.ARM.extab* .gnu.linkonce.armextab.*)

.ARM            0x00000000080009dc        0x8
                0x00000000080009dc                __exidx_start = .
 *(.ARM.exidx*)
 .ARM.exidx.text.startup._GLOBAL__sub_I__ZN9__gnu_cxx9__freeresEv
                0x00000000080009dc        0x8 c:/msys64/mingw64/bin/../lib/gcc/arm-none-eabi/10.1.0/../../../../arm-none-eabi/lib/thumb/v7e-m/nofp\libstdc++.a(eh_alloc.o)
                0x00000000080009e4                __exidx_end = .

.rel.dyn        0x00000000080009e4        0x0
 .rel.iplt      0x00000000080009e4        0x0 c:/msys64/mingw64/bin/../lib/gcc/arm-none-eabi/10.1.0/thumb/v7e-m/nofp/crtbegin.o

.preinit_array  0x00000000080009e4        0x0
                0x00000000080009e4                PROVIDE (__preinit_array_start = .)
 *(.preinit_array*)
                0x00000000080009e4                PROVIDE (__preinit_array_end = .)

.init_array     0x00000000080009e4        0xc
                0x00000000080009e4                PROVIDE (__init_array_start = .)
 *(SORT_BY_NAME(.init_array.*))
 .init_array.00000
                0x00000000080009e4        0x4 c:/msys64/mingw64/bin/../lib/gcc/arm-none-eabi/10.1.0/../../../../arm-none-eabi/lib/thumb/v7e-m/nofp\libg.a(lib_a-__call_atexit.o)
 *(.init_array*)
 .init_array    0x00000000080009e8        0x4 c:/msys64/mingw64/bin/../lib/gcc/arm-none-eabi/10.1.0/thumb/v7e-m/nofp/crtbegin.o
 .init_array    0x00000000080009ec        0x4 c:/msys64/mingw64/bin/../lib/gcc/arm-none-eabi/10.1.0/../../../../arm-none-eabi/lib/thumb/v7e-m/nofp\libstdc++.a(eh_alloc.o)
                0x00000000080009f0                PROVIDE (__init_array_end = .)

.fini_array     0x00000000080009f0        0x4
                0x00000000080009f0                PROVIDE (__fini_array_start = .)
 *(SORT_BY_NAME(.fini_array.*))
 *(.fini_array*)
 .fini_array    0x00000000080009f0        0x4 c:/msys64/mingw64/bin/../lib/gcc/arm-none-eabi/10.1.0/thumb/v7e-m/nofp/crtbegin.o
                0x00000000080009f4                PROVIDE (__fini_array_end = .)
                0x00000000080009f4                _sidata = LOADADDR (.data)

.data           0x0000000020000000      0x844 load address 0x00000000080009f4
                0x0000000020000000                . = ALIGN (0x4)
                0x0000000020000000                _sdata = .
 *(.data)
 .data          0x0000000020000000      0x430 c:/msys64/mingw64/bin/../lib/gcc/arm-none-eabi/10.1.0/../../../../arm-none-eabi/lib/thumb/v7e-m/nofp\libg.a(lib_a-impure.o)
                0x0000000020000000                _impure_ptr
 .data          0x0000000020000430      0x410 c:/msys64/mingw64/bin/../lib/gcc/arm-none-eabi/10.1.0/../../../../arm-none-eabi/lib/thumb/v7e-m/nofp\libg.a(lib_a-mallocr.o)
                0x0000000020000430                __malloc_av_
                0x0000000020000838                __malloc_sbrk_base
                0x000000002000083c                __malloc_trim_threshold
 .data          0x0000000020000840        0x4 c:/msys64/mingw64/bin/../lib/gcc/arm-none-eabi/10.1.0/../../../../arm-none-eabi/lib/thumb/v7e-m/nofp\libg.a(lib_a-__call_atexit.o)
                0x0000000020000840                __atexit_recursive_mutex
 *(.data*)
                0x0000000020000844                . = ALIGN (0x4)
                0x0000000020000844                _edata = .

.igot.plt       0x0000000020000844        0x0 load address 0x0000000008001238
 .igot.plt      0x0000000020000844        0x0 c:/msys64/mingw64/bin/../lib/gcc/arm-none-eabi/10.1.0/thumb/v7e-m/nofp/crtbegin.o
                0x0000000020000844                . = ALIGN (0x4)

.bss            0x0000000020000844       0x88 load address 0x0000000008001238
                0x0000000020000844                _sbss = .
                0x0000000020000844                __bss_start__ = _sbss
 *(.bss)
 .bss           0x0000000020000844       0x34 c:/msys64/mingw64/bin/../lib/gcc/arm-none-eabi/10.1.0/../../../../arm-none-eabi/lib/thumb/v7e-m/nofp\libg.a(lib_a-mallocr.o)
                0x0000000020000844                __malloc_top_pad
                0x0000000020000848                __malloc_current_mallinfo
                0x0000000020000870                __malloc_max_sbrked_mem
                0x0000000020000874                __malloc_max_total_mem
 *(.bss*)
 .bss.completed.1
                0x0000000020000878        0x1 c:/msys64/mingw64/bin/../lib/gcc/arm-none-eabi/10.1.0/thumb/v7e-m/nofp/crtbegin.o
 *fill*         0x0000000020000879        0x3 
 .bss.object.0  0x000000002000087c       0x18 c:/msys64/mingw64/bin/../lib/gcc/arm-none-eabi/10.1.0/thumb/v7e-m/nofp/crtbegin.o
 .bss._ZN12_GLOBAL__N_114emergency_poolE
                0x0000000020000894       0x10 c:/msys64/mingw64/bin/../lib/gcc/arm-none-eabi/10.1.0/../../../../arm-none-eabi/lib/thumb/v7e-m/nofp\libstdc++.a(eh_alloc.o)
 *(COMMON)
 COMMON         0x00000000200008a4       0x21 c:/msys64/mingw64/bin/../lib/gcc/arm-none-eabi/10.1.0/../../../../arm-none-eabi/lib/thumb/v7e-m/nofp\libg.a(lib_a-lock.o)
                0x00000000200008a4                __lock___atexit_recursive_mutex
                0x00000000200008a8                __lock___arc4random_mutex
                0x00000000200008ac                __lock___env_recursive_mutex
                0x00000000200008b0                __lock___sinit_recursive_mutex
                0x00000000200008b4                __lock___malloc_recursive_mutex
                0x00000000200008b8                __lock___at_quick_exit_mutex
                0x00000000200008bc                __lock___dd_hash_mutex
                0x00000000200008c0                __lock___tz_mutex
                0x00000000200008c4                __lock___sfp_recursive_mutex
 *fill*         0x00000000200008c5        0x3 
 COMMON         0x00000000200008c8        0x4 c:/msys64/mingw64/bin/../lib/gcc/arm-none-eabi/10.1.0/../../../../arm-none-eabi/lib/thumb/v7e-m/nofp\libg.a(lib_a-reent.o)
                0x00000000200008c8                errno
                0x00000000200008cc                . = ALIGN (0x4)
                0x00000000200008cc                _ebss = .
                0x00000000200008cc                __bss_end__ = _ebss

._user_heap_stack
                0x00000000200008cc      0x604 load address 0x0000000008001238
                0x00000000200008d0                . = ALIGN (0x8)
 *fill*         0x00000000200008cc        0x4 
                [!provide]                        PROVIDE (end = .)
                [!provide]                        PROVIDE (_end = .)
                0x0000000020000ad0                . = (. + _Min_Heap_Size)
 *fill*         0x00000000200008d0      0x200 
                0x0000000020000ed0                . = (. + _Min_Stack_Size)
 *fill*         0x0000000020000ad0      0x400 
                0x0000000020000ed0                . = ALIGN (0x8)

/DISCARD/
 libc.a(*)
 libm.a(*)
 libgcc.a(*)

.ARM.attributes
                0x0000000000000000       0x2a
 *(.ARM.attributes)
 .ARM.attributes
                0x0000000000000000       0x1e c:/msys64/mingw64/bin/../lib/gcc/arm-none-eabi/10.1.0/thumb/v7e-m/nofp/crti.o
 .ARM.attributes
                0x000000000000001e       0x2e c:/msys64/mingw64/bin/../lib/gcc/arm-none-eabi/10.1.0/thumb/v7e-m/nofp/crtbegin.o
 .ARM.attributes
                0x000000000000004c       0x2e c:/msys64/mingw64/bin/../lib/gcc/arm-none-eabi/10.1.0/../../../../arm-none-eabi/lib/thumb/v7e-m/nofp\libstdc++.a(eh_alloc.o)
 .ARM.attributes
                0x000000000000007a       0x2e c:/msys64/mingw64/bin/../lib/gcc/arm-none-eabi/10.1.0/../../../../arm-none-eabi/lib/thumb/v7e-m/nofp\libg.a(lib_a-atexit.o)
 .ARM.attributes
                0x00000000000000a8       0x2e c:/msys64/mingw64/bin/../lib/gcc/arm-none-eabi/10.1.0/../../../../arm-none-eabi/lib/thumb/v7e-m/nofp\libg.a(lib_a-fini.o)
 .ARM.attributes
                0x00000000000000d6       0x2e c:/msys64/mingw64/bin/../lib/gcc/arm-none-eabi/10.1.0/../../../../arm-none-eabi/lib/thumb/v7e-m/nofp\libg.a(lib_a-impure.o)
 .ARM.attributes
                0x0000000000000104       0x2e c:/msys64/mingw64/bin/../lib/gcc/arm-none-eabi/10.1.0/../../../../arm-none-eabi/lib/thumb/v7e-m/nofp\libg.a(lib_a-lock.o)
 .ARM.attributes
                0x0000000000000132       0x2e c:/msys64/mingw64/bin/../lib/gcc/arm-none-eabi/10.1.0/../../../../arm-none-eabi/lib/thumb/v7e-m/nofp\libg.a(lib_a-malloc.o)
 .ARM.attributes
                0x0000000000000160       0x2e c:/msys64/mingw64/bin/../lib/gcc/arm-none-eabi/10.1.0/../../../../arm-none-eabi/lib/thumb/v7e-m/nofp\libg.a(lib_a-mallocr.o)
 .ARM.attributes
                0x000000000000018e       0x2e c:/msys64/mingw64/bin/../lib/gcc/arm-none-eabi/10.1.0/../../../../arm-none-eabi/lib/thumb/v7e-m/nofp\libg.a(lib_a-mlock.o)
 .ARM.attributes
                0x00000000000001bc       0x2e c:/msys64/mingw64/bin/../lib/gcc/arm-none-eabi/10.1.0/../../../../arm-none-eabi/lib/thumb/v7e-m/nofp\libg.a(lib_a-sbrkr.o)
 .ARM.attributes
                0x00000000000001ea       0x2e c:/msys64/mingw64/bin/../lib/gcc/arm-none-eabi/10.1.0/../../../../arm-none-eabi/lib/thumb/v7e-m/nofp\libg.a(lib_a-__atexit.o)
 .ARM.attributes
                0x0000000000000218       0x2e c:/msys64/mingw64/bin/../lib/gcc/arm-none-eabi/10.1.0/../../../../arm-none-eabi/lib/thumb/v7e-m/nofp\libg.a(lib_a-__call_atexit.o)
 .ARM.attributes
                0x0000000000000246       0x2e c:/msys64/mingw64/bin/../lib/gcc/arm-none-eabi/10.1.0/../../../../arm-none-eabi/lib/thumb/v7e-m/nofp\libg.a(lib_a-freer.o)
 .ARM.attributes
                0x0000000000000274       0x2e c:/msys64/mingw64/bin/../lib/gcc/arm-none-eabi/10.1.0/../../../../arm-none-eabi/lib/thumb/v7e-m/nofp\libg.a(lib_a-reent.o)
 .ARM.attributes
                0x00000000000002a2       0x1e c:/msys64/mingw64/bin/../lib/gcc/arm-none-eabi/10.1.0/thumb/v7e-m/nofp/crtn.o
OUTPUT(bin\Target.elf elf32-littlearm)
LOAD linker stubs
LOAD c:/msys64/mingw64/bin/../lib/gcc/arm-none-eabi/10.1.0/../../../../arm-none-eabi/lib/thumb/v7e-m/nofp\libc.a
LOAD c:/msys64/mingw64/bin/../lib/gcc/arm-none-eabi/10.1.0/../../../../arm-none-eabi/lib/thumb/v7e-m/nofp\libm.a
LOAD c:/msys64/mingw64/bin/../lib/gcc/arm-none-eabi/10.1.0/thumb/v7e-m/nofp\libgcc.a

.debug_frame    0x0000000000000000      0x420
 .debug_frame   0x0000000000000000       0xcc c:/msys64/mingw64/bin/../lib/gcc/arm-none-eabi/10.1.0/../../../../arm-none-eabi/lib/thumb/v7e-m/nofp\libstdc++.a(eh_alloc.o)
 .debug_frame   0x00000000000000cc       0x20 c:/msys64/mingw64/bin/../lib/gcc/arm-none-eabi/10.1.0/../../../../arm-none-eabi/lib/thumb/v7e-m/nofp\libg.a(lib_a-atexit.o)
 .debug_frame   0x00000000000000ec       0x34 c:/msys64/mingw64/bin/../lib/gcc/arm-none-eabi/10.1.0/../../../../arm-none-eabi/lib/thumb/v7e-m/nofp\libg.a(lib_a-fini.o)
 .debug_frame   0x0000000000000120       0xb0 c:/msys64/mingw64/bin/../lib/gcc/arm-none-eabi/10.1.0/../../../../arm-none-eabi/lib/thumb/v7e-m/nofp\libg.a(lib_a-lock.o)
 .debug_frame   0x00000000000001d0       0x30 c:/msys64/mingw64/bin/../lib/gcc/arm-none-eabi/10.1.0/../../../../arm-none-eabi/lib/thumb/v7e-m/nofp\libg.a(lib_a-malloc.o)
 .debug_frame   0x0000000000000200       0x4c c:/msys64/mingw64/bin/../lib/gcc/arm-none-eabi/10.1.0/../../../../arm-none-eabi/lib/thumb/v7e-m/nofp\libg.a(lib_a-mallocr.o)
 .debug_frame   0x000000000000024c       0x30 c:/msys64/mingw64/bin/../lib/gcc/arm-none-eabi/10.1.0/../../../../arm-none-eabi/lib/thumb/v7e-m/nofp\libg.a(lib_a-mlock.o)
 .debug_frame   0x000000000000027c       0x2c c:/msys64/mingw64/bin/../lib/gcc/arm-none-eabi/10.1.0/../../../../arm-none-eabi/lib/thumb/v7e-m/nofp\libg.a(lib_a-sbrkr.o)
 .debug_frame   0x00000000000002a8       0x30 c:/msys64/mingw64/bin/../lib/gcc/arm-none-eabi/10.1.0/../../../../arm-none-eabi/lib/thumb/v7e-m/nofp\libg.a(lib_a-__atexit.o)
 .debug_frame   0x00000000000002d8       0x5c c:/msys64/mingw64/bin/../lib/gcc/arm-none-eabi/10.1.0/../../../../arm-none-eabi/lib/thumb/v7e-m/nofp\libg.a(lib_a-__call_atexit.o)
 .debug_frame   0x0000000000000334       0x8c c:/msys64/mingw64/bin/../lib/gcc/arm-none-eabi/10.1.0/../../../../arm-none-eabi/lib/thumb/v7e-m/nofp\libg.a(lib_a-freer.o)
 .debug_frame   0x00000000000003c0       0x60 c:/msys64/mingw64/bin/../lib/gcc/arm-none-eabi/10.1.0/../../../../arm-none-eabi/lib/thumb/v7e-m/nofp\libg.a(lib_a-reent.o)
