<html>
<body>
<pre>
<h1>µVision Build Log</h1>
<h2>Project:</h2>
C:\Users\Laslo\Development\cpp\hbrs-praktikum\OpenRoboticBoard\UserApp\_Project\Demo\main.uvproj
Project File Date:  06/05/2023

<h2>Output:</h2>
Build target 'Target'
creating preprocessor file for main.cpp...
compiling main.cpp...
linking...
.\Bin\main.axf: Warning: L6969W: Changing AT Section .ARM.__AT_0x08020000 type from RW to RO in ER_IROM2.
Program Size: Code=1488 RO-data=176 RW-data=8 ZI-data=3840  
Finished: 0 information, 1 warning and 0 error messages.
FromELF: creating hex file...
".\Bin\main.axf" - 0 Error(s), 1 Warning(s).

ror messages.
FromELF: creating hex file...
".\Bin\main.axf" - 0 Error(s), 1 Warning(s).
Load "C:\\Users\\Laslo\\Development\\cpp\\hbrs-praktikum\\OpenRoboticBoard\\UserApp\\_Project\\Demo\\Bin\\main.axf" 
Error: Flash Download failed  -  Target DLL has been cancelled
rror
compiling main.cpp...
Lib\main.cpp(6): error:  #5: cannot open source input file "Common/Src/ORBlocal.h": No such file or directory
  #include "Common/Src/ORBlocal.h"
Lib\main.cpp: 0 warnings, 1 error
assembling startup.s...
".\Bin\main.axf" - 4 Error(s), 0 Warning(s).
Target not created
