<html>
<body>
<pre>
<h1>µVision Build Log</h1>
<h2>Project:</h2>
C:\Users\Laslo\Development\cpp\hbrs-praktikum\OpenRoboticBoard\UserApp\_Project\MyFirstProject\main.uvproj
Project File Date:  06/05/2023

<h2>Output:</h2>
Build target 'Target'
creating preprocessor file for entry.cpp...
compiling entry.cpp...
creating preprocessor file for main.cpp...
compiling main.cpp...
.\Src\Application.h(23): warning:  #1299-D: members and base-classes will be initialized in declaration order, not in member initialisation list order
    test( Sensor::S1, Sensor::ANALOG_ON) {
Lib\main.cpp: 1 warning, 0 errors
assembling startup.s...
linking...
.\Bin\main.axf: Warning: L6969W: Changing AT Section .ARM.__AT_0x08020000 type from RW to RO in ER_IROM2.
Program Size: Code=2372 RO-data=216 RW-data=8 ZI-data=3840  
Finished: 0 information, 1 warning and 0 error messages.
FromELF: creating hex file...
".\Bin\main.axf" - 0 Error(s), 2 Warning(s).
