<html>
<body>
<pre>
<h1>µVision Build Log</h1>
<h2>Project:</h2>
C:\Users\Laslo\Development\cpp\hbrs-praktikum\OpenRoboticBoard\UserApp\_Project\CMakeTest\main.uvproj
Project File Date:  06/07/2023

<h2>Output:</h2>
Build target 'Target'
linking...
.\Bin\main.axf: Warning: L6969W: Changing AT Section .ARM.__AT_0x08020000 type from RW to RO in ER_IROM2.
Program Size: Code=1560 RO-data=176 RW-data=8 ZI-data=3840  
Finished: 0 information, 1 warning and 0 error messages.
FromELF: creating hex file...
".\Bin\main.axf" - 0 Error(s), 1 Warning(s).
</pre>
</body>
</html>
