ARM Linker, 5.03 [Build 76] [MDK-ARM Lite]

==============================================================================

Section Cross References

    entry.o(i._Z3foohR9cORBlocal) refers to main.o(i._Z4MainhR9cORBlocal) for Main(unsigned char, cORBlocal&)
    entry.o(.ARM.__AT_0x08020000) refers to entry.o(i._Z3foohR9cORBlocal) for foo(unsigned char, cORBlocal&)
    entry.o(.ARM.exidx) refers to entry.o(i._Z3foohR9cORBlocal) for i._Z3foohR9cORBlocal
    main.o(i._Z4MainhR9cORBlocal) refers to main.o(i._ZN6SensorC1ENS_15SensorPort_typeEh) for Sensor::Sensor(Sensor::SensorPort_type, unsigned char)
    main.o(i._Z4MainhR9cORBlocal) refers to main.o(i._ZN7Monitor5clearEv) for Monitor::clear()
    main.o(i._Z4MainhR9cORBlocal) refers to main.o(i._ZN12cApplication3runEh) for cApplication::run(unsigned char)
    main.o(i._Z4MainhR9cORBlocal) refers to main.o(.data) for orbPtr
    main.o(i._Z4MainhR9cORBlocal) refers to main.o(.constdata__ZTV16cApplicationBase) for vtable for cApplicationBase
    main.o(i._Z4MainhR9cORBlocal) refers to main.o(.constdata__ZTV12cApplication) for vtable for cApplication
    main.o(i._ZN6Memory5storeEv) refers to main.o(.data) for Memory::first
    main.o(i._ZN6Memory7addItemEPNS_4ItemEm) refers to main.o(.data) for Memory::first
    main.o(.ARM.exidx) refers to main.o(i._ZN6Memory7addItemEPNS_4ItemEm) for i._ZN6Memory7addItemEPNS_4ItemEm
    main.o(.ARM.exidx) refers to main.o(i._Z4MainhR9cORBlocal) for i._Z4MainhR9cORBlocal
    main.o(.ARM.exidx) refers to main.o(i._ZN6Memory5storeEv) for i._ZN6Memory5storeEv
    startup.o(STACK) refers (Special) to heapauxi.o(.text) for __use_two_region_memory
    startup.o(HEAP) refers (Special) to heapauxi.o(.text) for __use_two_region_memory
    startup.o(RESET) refers (Special) to heapauxi.o(.text) for __use_two_region_memory
    startup.o(.text) refers (Special) to heapauxi.o(.text) for __use_two_region_memory
    startup.o(.text) refers to startup.o(HEAP) for Heap_Mem
    startup.o(.text) refers to startup.o(STACK) for Stack_Mem
    pure_virt.o(i.__cxa_pure_virtual) refers to defsig_pvfn_outer.o(.text) for __rt_SIGPVFN
    pure_virt.o(.ARM.exidx) refers to pure_virt.o(i.__cxa_pure_virtual) for i.__cxa_pure_virtual
    lib_rtti_impl.o(i._ZN10__cxxabiv116__enum_type_infoD0Ev) refers to lib_rtti_impl.o(i._ZN10__cxxabiv116__enum_type_infoD1Ev) for __cxxabiv1::__enum_type_info::~__enum_type_info()
    lib_rtti_impl.o(i._ZN10__cxxabiv116__enum_type_infoD1Ev) refers to type_info_dtor.o(i._ZNSt9type_infoD1Ev) for std::type_info::~type_info()
    lib_rtti_impl.o(i._ZN10__cxxabiv117__array_type_infoD0Ev) refers to lib_rtti_impl.o(i._ZN10__cxxabiv117__array_type_infoD1Ev) for __cxxabiv1::__array_type_info::~__array_type_info()
    lib_rtti_impl.o(i._ZN10__cxxabiv117__array_type_infoD1Ev) refers to type_info_dtor.o(i._ZNSt9type_infoD1Ev) for std::type_info::~type_info()
    lib_rtti_impl.o(i._ZN10__cxxabiv117__class_type_infoD0Ev) refers to lib_rtti_impl.o(i._ZN10__cxxabiv117__class_type_infoD1Ev) for __cxxabiv1::__class_type_info::~__class_type_info()
    lib_rtti_impl.o(i._ZN10__cxxabiv117__class_type_infoD1Ev) refers to type_info_dtor.o(i._ZNSt9type_infoD1Ev) for std::type_info::~type_info()
    lib_rtti_impl.o(i._ZN10__cxxabiv117__pbase_type_infoD0Ev) refers to lib_rtti_impl.o(i._ZN10__cxxabiv117__pbase_type_infoD1Ev) for __cxxabiv1::__pbase_type_info::~__pbase_type_info()
    lib_rtti_impl.o(i._ZN10__cxxabiv117__pbase_type_infoD1Ev) refers to type_info_dtor.o(i._ZNSt9type_infoD1Ev) for std::type_info::~type_info()
    lib_rtti_impl.o(i._ZN10__cxxabiv119__pointer_type_infoD0Ev) refers to lib_rtti_impl.o(i._ZN10__cxxabiv119__pointer_type_infoD1Ev) for __cxxabiv1::__pointer_type_info::~__pointer_type_info()
    lib_rtti_impl.o(i._ZN10__cxxabiv119__pointer_type_infoD1Ev) refers to lib_rtti_impl.o(i._ZN10__cxxabiv117__pbase_type_infoD1Ev) for __cxxabiv1::__pbase_type_info::~__pbase_type_info()
    lib_rtti_impl.o(i._ZN10__cxxabiv120__function_type_infoD0Ev) refers to lib_rtti_impl.o(i._ZN10__cxxabiv120__function_type_infoD1Ev) for __cxxabiv1::__function_type_info::~__function_type_info()
    lib_rtti_impl.o(i._ZN10__cxxabiv120__function_type_infoD1Ev) refers to type_info_dtor.o(i._ZNSt9type_infoD1Ev) for std::type_info::~type_info()
    lib_rtti_impl.o(i._ZN10__cxxabiv120__si_class_type_infoD0Ev) refers to lib_rtti_impl.o(i._ZN10__cxxabiv120__si_class_type_infoD1Ev) for __cxxabiv1::__si_class_type_info::~__si_class_type_info()
    lib_rtti_impl.o(i._ZN10__cxxabiv120__si_class_type_infoD1Ev) refers to lib_rtti_impl.o(i._ZN10__cxxabiv117__class_type_infoD1Ev) for __cxxabiv1::__class_type_info::~__class_type_info()
    lib_rtti_impl.o(i._ZN10__cxxabiv121__vmi_class_type_infoD0Ev) refers to lib_rtti_impl.o(i._ZN10__cxxabiv121__vmi_class_type_infoD1Ev) for __cxxabiv1::__vmi_class_type_info::~__vmi_class_type_info()
    lib_rtti_impl.o(i._ZN10__cxxabiv121__vmi_class_type_infoD1Ev) refers to lib_rtti_impl.o(i._ZN10__cxxabiv117__class_type_infoD1Ev) for __cxxabiv1::__class_type_info::~__class_type_info()
    lib_rtti_impl.o(i._ZN10__cxxabiv123__fundamental_type_infoD0Ev) refers to lib_rtti_impl.o(i._ZN10__cxxabiv123__fundamental_type_infoD1Ev) for __cxxabiv1::__fundamental_type_info::~__fundamental_type_info()
    lib_rtti_impl.o(i._ZN10__cxxabiv123__fundamental_type_infoD1Ev) refers to type_info_dtor.o(i._ZNSt9type_infoD1Ev) for std::type_info::~type_info()
    lib_rtti_impl.o(i._ZN10__cxxabiv129__pointer_to_member_type_infoD0Ev) refers to lib_rtti_impl.o(i._ZN10__cxxabiv129__pointer_to_member_type_infoD1Ev) for __cxxabiv1::__pointer_to_member_type_info::~__pointer_to_member_type_info()
    lib_rtti_impl.o(i._ZN10__cxxabiv129__pointer_to_member_type_infoD1Ev) refers to lib_rtti_impl.o(i._ZN10__cxxabiv117__pbase_type_infoD1Ev) for __cxxabiv1::__pbase_type_info::~__pbase_type_info()
    lib_rtti_impl.o(.ARM.exidx) refers to lib_rtti_impl.o(i._ZN10__cxxabiv123__fundamental_type_infoD1Ev) for i._ZN10__cxxabiv123__fundamental_type_infoD1Ev
    lib_rtti_impl.o(.ARM.exidx) refers to lib_rtti_impl.o(i._ZN10__cxxabiv123__fundamental_type_infoD0Ev) for i._ZN10__cxxabiv123__fundamental_type_infoD0Ev
    lib_rtti_impl.o(.ARM.exidx) refers to lib_rtti_impl.o(i._ZN10__cxxabiv117__array_type_infoD1Ev) for i._ZN10__cxxabiv117__array_type_infoD1Ev
    lib_rtti_impl.o(.ARM.exidx) refers to lib_rtti_impl.o(i._ZN10__cxxabiv117__array_type_infoD0Ev) for i._ZN10__cxxabiv117__array_type_infoD0Ev
    lib_rtti_impl.o(.ARM.exidx) refers to lib_rtti_impl.o(i._ZN10__cxxabiv120__function_type_infoD1Ev) for i._ZN10__cxxabiv120__function_type_infoD1Ev
    lib_rtti_impl.o(.ARM.exidx) refers to lib_rtti_impl.o(i._ZN10__cxxabiv120__function_type_infoD0Ev) for i._ZN10__cxxabiv120__function_type_infoD0Ev
    lib_rtti_impl.o(.ARM.exidx) refers to lib_rtti_impl.o(i._ZN10__cxxabiv116__enum_type_infoD1Ev) for i._ZN10__cxxabiv116__enum_type_infoD1Ev
    lib_rtti_impl.o(.ARM.exidx) refers to lib_rtti_impl.o(i._ZN10__cxxabiv116__enum_type_infoD0Ev) for i._ZN10__cxxabiv116__enum_type_infoD0Ev
    lib_rtti_impl.o(.ARM.exidx) refers to lib_rtti_impl.o(i._ZN10__cxxabiv117__class_type_infoD1Ev) for i._ZN10__cxxabiv117__class_type_infoD1Ev
    lib_rtti_impl.o(.ARM.exidx) refers to lib_rtti_impl.o(i._ZN10__cxxabiv117__class_type_infoD0Ev) for i._ZN10__cxxabiv117__class_type_infoD0Ev
    lib_rtti_impl.o(.ARM.exidx) refers to lib_rtti_impl.o(i._ZN10__cxxabiv120__si_class_type_infoD1Ev) for i._ZN10__cxxabiv120__si_class_type_infoD1Ev
    lib_rtti_impl.o(.ARM.exidx) refers to lib_rtti_impl.o(i._ZN10__cxxabiv120__si_class_type_infoD0Ev) for i._ZN10__cxxabiv120__si_class_type_infoD0Ev
    lib_rtti_impl.o(.ARM.exidx) refers to lib_rtti_impl.o(i._ZN10__cxxabiv121__vmi_class_type_infoD1Ev) for i._ZN10__cxxabiv121__vmi_class_type_infoD1Ev
    lib_rtti_impl.o(.ARM.exidx) refers to lib_rtti_impl.o(i._ZN10__cxxabiv121__vmi_class_type_infoD0Ev) for i._ZN10__cxxabiv121__vmi_class_type_infoD0Ev
    lib_rtti_impl.o(.ARM.exidx) refers to lib_rtti_impl.o(i._ZN10__cxxabiv117__pbase_type_infoD1Ev) for i._ZN10__cxxabiv117__pbase_type_infoD1Ev
    lib_rtti_impl.o(.ARM.exidx) refers to lib_rtti_impl.o(i._ZN10__cxxabiv117__pbase_type_infoD0Ev) for i._ZN10__cxxabiv117__pbase_type_infoD0Ev
    lib_rtti_impl.o(.ARM.exidx) refers to lib_rtti_impl.o(i._ZN10__cxxabiv119__pointer_type_infoD1Ev) for i._ZN10__cxxabiv119__pointer_type_infoD1Ev
    lib_rtti_impl.o(.ARM.exidx) refers to lib_rtti_impl.o(i._ZN10__cxxabiv119__pointer_type_infoD0Ev) for i._ZN10__cxxabiv119__pointer_type_infoD0Ev
    lib_rtti_impl.o(.ARM.exidx) refers to lib_rtti_impl.o(i._ZN10__cxxabiv129__pointer_to_member_type_infoD1Ev) for i._ZN10__cxxabiv129__pointer_to_member_type_infoD1Ev
    lib_rtti_impl.o(.ARM.exidx) refers to lib_rtti_impl.o(i._ZN10__cxxabiv129__pointer_to_member_type_infoD0Ev) for i._ZN10__cxxabiv129__pointer_to_member_type_infoD0Ev
    defsig_pvfn_outer.o(.text) refers to defsig_pvfn_inner.o(.text) for __rt_SIGPVFN_inner
    defsig_pvfn_outer.o(.text) refers to defsig_exit.o(.text) for __sig_exit
    defsig_pvfn_formal.o(.text) refers to rt_raise.o(.text) for __rt_raise
    type_info_dtor.o(.ARM.exidx) refers to type_info_dtor.o(i._ZNSt9type_infoD1Ev) for i._ZNSt9type_infoD1Ev
    type_info_dtor.o(.ARM.exidx) refers to type_info_dtor.o(i._ZNSt9type_infoD0Ev) for i._ZNSt9type_infoD0Ev
    rt_raise.o(.text) refers to __raise.o(.text) for __raise
    rt_raise.o(.text) refers to sys_exit.o(.text) for _sys_exit
    defsig_exit.o(.text) refers to sys_exit.o(.text) for _sys_exit
    defsig_pvfn_inner.o(.text) refers to defsig_general.o(.text) for __default_signal_display
    sys_exit.o(.text) refers (Special) to use_no_semi.o(.text) for __I$use$semihosting
    sys_exit.o(.text) refers (Special) to indicate_semi.o(.text) for __semihosting_library_function
    __raise.o(.text) refers to defsig.o(CL$$defsig) for __default_signal_handler
    defsig_general.o(.text) refers to sys_wrch.o(.text) for _ttywrch
    sys_wrch.o(.text) refers (Special) to use_no_semi.o(.text) for __I$use$semihosting
    sys_wrch.o(.text) refers (Special) to indicate_semi.o(.text) for __semihosting_library_function
    defsig.o(CL$$defsig) refers to defsig_pvfn_inner.o(.text) for __rt_SIGPVFN_inner
    defsig_abrt_inner.o(.text) refers to defsig_general.o(.text) for __default_signal_display
    defsig_fpe_inner.o(.text) refers to defsig_general.o(.text) for __default_signal_display
    defsig_rtred_inner.o(.text) refers to defsig_general.o(.text) for __default_signal_display
    defsig_rtmem_inner.o(.text) refers to defsig_general.o(.text) for __default_signal_display
    defsig_stak_inner.o(.text) refers to defsig_general.o(.text) for __default_signal_display
    defsig_cppl_inner.o(.text) refers to defsig_general.o(.text) for __default_signal_display
    defsig_segv_inner.o(.text) refers to defsig_general.o(.text) for __default_signal_display
    defsig_other.o(.text) refers to defsig_general.o(.text) for __default_signal_display
    main.o(.ARM.exidx) refers to main.o(i._ZN7Monitor5printEhPKcz) for i._ZN7Monitor5printEhPKcz
    main.o(i._ZN6Sensor3getEv) refers to main.o(.data) for orbPtr
    main.o(.ARM.exidx) refers to main.o(i._ZN6Sensor3getEv) for i._ZN6Sensor3getEv
    main.o(i._ZN12cApplication3runEh) refers to main.o(i._ZN7Monitor5printEhPKcz) for Monitor::print(unsigned char, const char*, ...)
    main.o(i._ZN12cApplication3runEh) refers to main.o(i._ZN6Sensor3getEv) for Sensor::get()
    main.o(.ARM.exidx) refers to main.o(i._ZN12cApplication3runEh) for i._ZN12cApplication3runEh
    main.o(i._ZN7Monitor5clearEv) refers to main.o(i._ZN7Monitor5printEhPKcz) for Monitor::print(unsigned char, const char*, ...)
    main.o(.ARM.exidx) refers to main.o(i._ZN7Monitor5clearEv) for i._ZN7Monitor5clearEv
    main.o(i._ZN6Sensor4initEh) refers to main.o(i._ZN6Memory4ItemcviEv) for Memory::Item::operator int()
    main.o(.ARM.exidx) refers to main.o(i._ZN6Sensor4initEh) for i._ZN6Sensor4initEh
    main.o(.ARM.exidx) refers to main.o(i._ZN6Memory4ItemcviEv) for i._ZN6Memory4ItemcviEv
    main.o(i._ZN6SensorC1ENS_15SensorPort_typeEh) refers to main.o(i._ZN6Memory4ItemC1Em) for Memory::Item::Item(unsigned long)
    main.o(i._ZN6SensorC1ENS_15SensorPort_typeEh) refers to main.o(i._ZN6Sensor4initEh) for Sensor::init(unsigned char)
    main.o(i._ZN6SensorC1ENS_15SensorPort_typeEh) refers to main.o(.constdata__ZTV5ValueIiE) for vtable for Value<int>
    main.o(i._ZN6SensorC1ENS_15SensorPort_typeEh) refers to main.o(.constdata__ZTV6Sensor) for vtable for Sensor
    main.o(i._ZN6SensorC1ENS_15SensorPort_typeEh) refers to main.o(.data) for orbPtr
    main.o(.ARM.exidx) refers to main.o(i._ZN6SensorC1ENS_15SensorPort_typeEh) for i._ZN6SensorC1ENS_15SensorPort_typeEh
    main.o(i._ZN6Memory4ItemC1Em) refers to main.o(i._ZN6Memory7addItemEPNS_4ItemEm) for Memory::addItem(Memory::Item*, unsigned long)
    main.o(.ARM.exidx) refers to main.o(i._ZN6Memory4ItemC1Em) for i._ZN6Memory4ItemC1Em
    main.o(.constdata__ZTV5ValueIiE) refers to main.o(.constdata__ZTI5ValueIiE) for typeinfo for Value<int>
    main.o(.constdata__ZTV5ValueIiE) refers to pure_virt.o(i.__cxa_pure_virtual) for __cxa_pure_virtual
    main.o(.constdata__ZTV6Sensor) refers to main.o(.constdata__ZTI6Sensor) for typeinfo for Sensor
    main.o(.constdata__ZTV6Sensor) refers to main.o(i._ZN6Sensor3getEv) for Sensor::get()
    main.o(.constdata__ZTV16cApplicationBase) refers to main.o(.constdata__ZTI16cApplicationBase) for typeinfo for cApplicationBase
    main.o(.constdata__ZTV16cApplicationBase) refers to pure_virt.o(i.__cxa_pure_virtual) for __cxa_pure_virtual
    main.o(.constdata__ZTV12cApplication) refers to main.o(.constdata__ZTI12cApplication) for typeinfo for cApplication
    main.o(.constdata__ZTV12cApplication) refers to main.o(i._ZN12cApplication3runEh) for cApplication::run(unsigned char)
    main.o(.constdata__ZTI16cApplicationBase) refers to lib_rtti_impl.o(.constdata__ZTVN10__cxxabiv117__class_type_infoE) for vtable for __cxxabiv1::__class_type_info
    main.o(.constdata__ZTI16cApplicationBase) refers to main.o(.constdata__ZTS16cApplicationBase) for typeinfo name for cApplicationBase
    main.o(.constdata__ZTI5ValueIiE) refers to lib_rtti_impl.o(.constdata__ZTVN10__cxxabiv117__class_type_infoE) for vtable for __cxxabiv1::__class_type_info
    main.o(.constdata__ZTI5ValueIiE) refers to main.o(.constdata__ZTS5ValueIiE) for typeinfo name for Value<int>
    main.o(.constdata__ZTI6Sensor) refers to lib_rtti_impl.o(.constdata__ZTVN10__cxxabiv120__si_class_type_infoE) for vtable for __cxxabiv1::__si_class_type_info
    main.o(.constdata__ZTI6Sensor) refers to main.o(.constdata__ZTS6Sensor) for typeinfo name for Sensor
    main.o(.constdata__ZTI6Sensor) refers to main.o(.constdata__ZTI5ValueIiE) for typeinfo for Value<int>
    main.o(.constdata__ZTI12cApplication) refers to lib_rtti_impl.o(.constdata__ZTVN10__cxxabiv120__si_class_type_infoE) for vtable for __cxxabiv1::__si_class_type_info
    main.o(.constdata__ZTI12cApplication) refers to main.o(.constdata__ZTS12cApplication) for typeinfo name for cApplication
    main.o(.constdata__ZTI12cApplication) refers to main.o(.constdata__ZTI16cApplicationBase) for typeinfo for cApplicationBase
    lib_rtti_impl.o(.constdata__ZTVN10__cxxabiv123__fundamental_type_infoE) refers to lib_rtti_impl.o(.constdata__ZTIN10__cxxabiv123__fundamental_type_infoE) for typeinfo for __cxxabiv1::__fundamental_type_info
    lib_rtti_impl.o(.constdata__ZTVN10__cxxabiv123__fundamental_type_infoE) refers to lib_rtti_impl.o(i._ZN10__cxxabiv123__fundamental_type_infoD1Ev) for __cxxabiv1::__fundamental_type_info::~__fundamental_type_info()
    lib_rtti_impl.o(.constdata__ZTVN10__cxxabiv123__fundamental_type_infoE) refers to lib_rtti_impl.o(i._ZN10__cxxabiv123__fundamental_type_infoD0Ev) for __cxxabiv1::__fundamental_type_info::~__fundamental_type_info__deallocating()
    lib_rtti_impl.o(.constdata__ZTVN10__cxxabiv117__array_type_infoE) refers to lib_rtti_impl.o(.constdata__ZTIN10__cxxabiv117__array_type_infoE) for typeinfo for __cxxabiv1::__array_type_info
    lib_rtti_impl.o(.constdata__ZTVN10__cxxabiv117__array_type_infoE) refers to lib_rtti_impl.o(i._ZN10__cxxabiv117__array_type_infoD1Ev) for __cxxabiv1::__array_type_info::~__array_type_info()
    lib_rtti_impl.o(.constdata__ZTVN10__cxxabiv117__array_type_infoE) refers to lib_rtti_impl.o(i._ZN10__cxxabiv117__array_type_infoD0Ev) for __cxxabiv1::__array_type_info::~__array_type_info__deallocating()
    lib_rtti_impl.o(.constdata__ZTVN10__cxxabiv120__function_type_infoE) refers to lib_rtti_impl.o(.constdata__ZTIN10__cxxabiv120__function_type_infoE) for typeinfo for __cxxabiv1::__function_type_info
    lib_rtti_impl.o(.constdata__ZTVN10__cxxabiv120__function_type_infoE) refers to lib_rtti_impl.o(i._ZN10__cxxabiv120__function_type_infoD1Ev) for __cxxabiv1::__function_type_info::~__function_type_info()
    lib_rtti_impl.o(.constdata__ZTVN10__cxxabiv120__function_type_infoE) refers to lib_rtti_impl.o(i._ZN10__cxxabiv120__function_type_infoD0Ev) for __cxxabiv1::__function_type_info::~__function_type_info__deallocating()
    lib_rtti_impl.o(.constdata__ZTVN10__cxxabiv116__enum_type_infoE) refers to lib_rtti_impl.o(.constdata__ZTIN10__cxxabiv116__enum_type_infoE) for typeinfo for __cxxabiv1::__enum_type_info
    lib_rtti_impl.o(.constdata__ZTVN10__cxxabiv116__enum_type_infoE) refers to lib_rtti_impl.o(i._ZN10__cxxabiv116__enum_type_infoD1Ev) for __cxxabiv1::__enum_type_info::~__enum_type_info()
    lib_rtti_impl.o(.constdata__ZTVN10__cxxabiv116__enum_type_infoE) refers to lib_rtti_impl.o(i._ZN10__cxxabiv116__enum_type_infoD0Ev) for __cxxabiv1::__enum_type_info::~__enum_type_info__deallocating()
    lib_rtti_impl.o(.constdata__ZTVN10__cxxabiv117__class_type_infoE) refers to lib_rtti_impl.o(.constdata__ZTIN10__cxxabiv117__class_type_infoE) for typeinfo for __cxxabiv1::__class_type_info
    lib_rtti_impl.o(.constdata__ZTVN10__cxxabiv117__class_type_infoE) refers to lib_rtti_impl.o(i._ZN10__cxxabiv117__class_type_infoD1Ev) for __cxxabiv1::__class_type_info::~__class_type_info()
    lib_rtti_impl.o(.constdata__ZTVN10__cxxabiv117__class_type_infoE) refers to lib_rtti_impl.o(i._ZN10__cxxabiv117__class_type_infoD0Ev) for __cxxabiv1::__class_type_info::~__class_type_info__deallocating()
    lib_rtti_impl.o(.constdata__ZTVN10__cxxabiv120__si_class_type_infoE) refers to lib_rtti_impl.o(.constdata__ZTIN10__cxxabiv120__si_class_type_infoE) for typeinfo for __cxxabiv1::__si_class_type_info
    lib_rtti_impl.o(.constdata__ZTVN10__cxxabiv120__si_class_type_infoE) refers to lib_rtti_impl.o(i._ZN10__cxxabiv120__si_class_type_infoD1Ev) for __cxxabiv1::__si_class_type_info::~__si_class_type_info()
    lib_rtti_impl.o(.constdata__ZTVN10__cxxabiv120__si_class_type_infoE) refers to lib_rtti_impl.o(i._ZN10__cxxabiv120__si_class_type_infoD0Ev) for __cxxabiv1::__si_class_type_info::~__si_class_type_info__deallocating()
    lib_rtti_impl.o(.constdata__ZTVN10__cxxabiv121__vmi_class_type_infoE) refers to lib_rtti_impl.o(.constdata__ZTIN10__cxxabiv121__vmi_class_type_infoE) for typeinfo for __cxxabiv1::__vmi_class_type_info
    lib_rtti_impl.o(.constdata__ZTVN10__cxxabiv121__vmi_class_type_infoE) refers to lib_rtti_impl.o(i._ZN10__cxxabiv121__vmi_class_type_infoD1Ev) for __cxxabiv1::__vmi_class_type_info::~__vmi_class_type_info()
    lib_rtti_impl.o(.constdata__ZTVN10__cxxabiv121__vmi_class_type_infoE) refers to lib_rtti_impl.o(i._ZN10__cxxabiv121__vmi_class_type_infoD0Ev) for __cxxabiv1::__vmi_class_type_info::~__vmi_class_type_info__deallocating()
    lib_rtti_impl.o(.constdata__ZTVN10__cxxabiv117__pbase_type_infoE) refers to lib_rtti_impl.o(.constdata__ZTIN10__cxxabiv117__pbase_type_infoE) for typeinfo for __cxxabiv1::__pbase_type_info
    lib_rtti_impl.o(.constdata__ZTVN10__cxxabiv117__pbase_type_infoE) refers to lib_rtti_impl.o(i._ZN10__cxxabiv117__pbase_type_infoD1Ev) for __cxxabiv1::__pbase_type_info::~__pbase_type_info()
    lib_rtti_impl.o(.constdata__ZTVN10__cxxabiv117__pbase_type_infoE) refers to lib_rtti_impl.o(i._ZN10__cxxabiv117__pbase_type_infoD0Ev) for __cxxabiv1::__pbase_type_info::~__pbase_type_info__deallocating()
    lib_rtti_impl.o(.constdata__ZTVN10__cxxabiv119__pointer_type_infoE) refers to lib_rtti_impl.o(.constdata__ZTIN10__cxxabiv119__pointer_type_infoE) for typeinfo for __cxxabiv1::__pointer_type_info
    lib_rtti_impl.o(.constdata__ZTVN10__cxxabiv119__pointer_type_infoE) refers to lib_rtti_impl.o(i._ZN10__cxxabiv119__pointer_type_infoD1Ev) for __cxxabiv1::__pointer_type_info::~__pointer_type_info()
    lib_rtti_impl.o(.constdata__ZTVN10__cxxabiv119__pointer_type_infoE) refers to lib_rtti_impl.o(i._ZN10__cxxabiv119__pointer_type_infoD0Ev) for __cxxabiv1::__pointer_type_info::~__pointer_type_info__deallocating()
    lib_rtti_impl.o(.constdata__ZTVN10__cxxabiv129__pointer_to_member_type_infoE) refers to lib_rtti_impl.o(.constdata__ZTIN10__cxxabiv129__pointer_to_member_type_infoE) for typeinfo for __cxxabiv1::__pointer_to_member_type_info
    lib_rtti_impl.o(.constdata__ZTVN10__cxxabiv129__pointer_to_member_type_infoE) refers to lib_rtti_impl.o(i._ZN10__cxxabiv129__pointer_to_member_type_infoD1Ev) for __cxxabiv1::__pointer_to_member_type_info::~__pointer_to_member_type_info()
    lib_rtti_impl.o(.constdata__ZTVN10__cxxabiv129__pointer_to_member_type_infoE) refers to lib_rtti_impl.o(i._ZN10__cxxabiv129__pointer_to_member_type_infoD0Ev) for __cxxabiv1::__pointer_to_member_type_info::~__pointer_to_member_type_info__deallocating()
    lib_rtti_impl.o(.constdata__ZTIN10__cxxabiv123__fundamental_type_infoE) refers to lib_rtti_impl.o(.constdata__ZTVN10__cxxabiv120__si_class_type_infoE) for vtable for __cxxabiv1::__si_class_type_info
    lib_rtti_impl.o(.constdata__ZTIN10__cxxabiv123__fundamental_type_infoE) refers to lib_rtti_impl.o(.constdata__ZTSN10__cxxabiv123__fundamental_type_infoE) for typeinfo name for __cxxabiv1::__fundamental_type_info
    lib_rtti_impl.o(.constdata__ZTIN10__cxxabiv123__fundamental_type_infoE) refers to type_info_dtor.o(.constdata__ZTISt9type_info) for typeinfo for std::type_info
    lib_rtti_impl.o(.constdata__ZTIN10__cxxabiv117__array_type_infoE) refers to lib_rtti_impl.o(.constdata__ZTVN10__cxxabiv120__si_class_type_infoE) for vtable for __cxxabiv1::__si_class_type_info
    lib_rtti_impl.o(.constdata__ZTIN10__cxxabiv117__array_type_infoE) refers to lib_rtti_impl.o(.constdata__ZTSN10__cxxabiv117__array_type_infoE) for typeinfo name for __cxxabiv1::__array_type_info
    lib_rtti_impl.o(.constdata__ZTIN10__cxxabiv117__array_type_infoE) refers to type_info_dtor.o(.constdata__ZTISt9type_info) for typeinfo for std::type_info
    lib_rtti_impl.o(.constdata__ZTIN10__cxxabiv120__function_type_infoE) refers to lib_rtti_impl.o(.constdata__ZTVN10__cxxabiv120__si_class_type_infoE) for vtable for __cxxabiv1::__si_class_type_info
    lib_rtti_impl.o(.constdata__ZTIN10__cxxabiv120__function_type_infoE) refers to lib_rtti_impl.o(.constdata__ZTSN10__cxxabiv120__function_type_infoE) for typeinfo name for __cxxabiv1::__function_type_info
    lib_rtti_impl.o(.constdata__ZTIN10__cxxabiv120__function_type_infoE) refers to type_info_dtor.o(.constdata__ZTISt9type_info) for typeinfo for std::type_info
    lib_rtti_impl.o(.constdata__ZTIN10__cxxabiv116__enum_type_infoE) refers to lib_rtti_impl.o(.constdata__ZTVN10__cxxabiv120__si_class_type_infoE) for vtable for __cxxabiv1::__si_class_type_info
    lib_rtti_impl.o(.constdata__ZTIN10__cxxabiv116__enum_type_infoE) refers to lib_rtti_impl.o(.constdata__ZTSN10__cxxabiv116__enum_type_infoE) for typeinfo name for __cxxabiv1::__enum_type_info
    lib_rtti_impl.o(.constdata__ZTIN10__cxxabiv116__enum_type_infoE) refers to type_info_dtor.o(.constdata__ZTISt9type_info) for typeinfo for std::type_info
    lib_rtti_impl.o(.constdata__ZTIN10__cxxabiv117__class_type_infoE) refers to lib_rtti_impl.o(.constdata__ZTVN10__cxxabiv120__si_class_type_infoE) for vtable for __cxxabiv1::__si_class_type_info
    lib_rtti_impl.o(.constdata__ZTIN10__cxxabiv117__class_type_infoE) refers to lib_rtti_impl.o(.constdata__ZTSN10__cxxabiv117__class_type_infoE) for typeinfo name for __cxxabiv1::__class_type_info
    lib_rtti_impl.o(.constdata__ZTIN10__cxxabiv117__class_type_infoE) refers to type_info_dtor.o(.constdata__ZTISt9type_info) for typeinfo for std::type_info
    lib_rtti_impl.o(.constdata__ZTIN10__cxxabiv120__si_class_type_infoE) refers to lib_rtti_impl.o(.constdata__ZTVN10__cxxabiv120__si_class_type_infoE) for vtable for __cxxabiv1::__si_class_type_info
    lib_rtti_impl.o(.constdata__ZTIN10__cxxabiv120__si_class_type_infoE) refers to lib_rtti_impl.o(.constdata__ZTSN10__cxxabiv120__si_class_type_infoE) for typeinfo name for __cxxabiv1::__si_class_type_info
    lib_rtti_impl.o(.constdata__ZTIN10__cxxabiv120__si_class_type_infoE) refers to lib_rtti_impl.o(.constdata__ZTIN10__cxxabiv117__class_type_infoE) for typeinfo for __cxxabiv1::__class_type_info
    lib_rtti_impl.o(.constdata__ZTIN10__cxxabiv121__vmi_class_type_infoE) refers to lib_rtti_impl.o(.constdata__ZTVN10__cxxabiv120__si_class_type_infoE) for vtable for __cxxabiv1::__si_class_type_info
    lib_rtti_impl.o(.constdata__ZTIN10__cxxabiv121__vmi_class_type_infoE) refers to lib_rtti_impl.o(.constdata__ZTSN10__cxxabiv121__vmi_class_type_infoE) for typeinfo name for __cxxabiv1::__vmi_class_type_info
    lib_rtti_impl.o(.constdata__ZTIN10__cxxabiv121__vmi_class_type_infoE) refers to lib_rtti_impl.o(.constdata__ZTIN10__cxxabiv117__class_type_infoE) for typeinfo for __cxxabiv1::__class_type_info
    lib_rtti_impl.o(.constdata__ZTIN10__cxxabiv117__pbase_type_infoE) refers to lib_rtti_impl.o(.constdata__ZTVN10__cxxabiv120__si_class_type_infoE) for vtable for __cxxabiv1::__si_class_type_info
    lib_rtti_impl.o(.constdata__ZTIN10__cxxabiv117__pbase_type_infoE) refers to lib_rtti_impl.o(.constdata__ZTSN10__cxxabiv117__pbase_type_infoE) for typeinfo name for __cxxabiv1::__pbase_type_info
    lib_rtti_impl.o(.constdata__ZTIN10__cxxabiv117__pbase_type_infoE) refers to type_info_dtor.o(.constdata__ZTISt9type_info) for typeinfo for std::type_info
    lib_rtti_impl.o(.constdata__ZTIN10__cxxabiv119__pointer_type_infoE) refers to lib_rtti_impl.o(.constdata__ZTVN10__cxxabiv120__si_class_type_infoE) for vtable for __cxxabiv1::__si_class_type_info
    lib_rtti_impl.o(.constdata__ZTIN10__cxxabiv119__pointer_type_infoE) refers to lib_rtti_impl.o(.constdata__ZTSN10__cxxabiv119__pointer_type_infoE) for typeinfo name for __cxxabiv1::__pointer_type_info
    lib_rtti_impl.o(.constdata__ZTIN10__cxxabiv119__pointer_type_infoE) refers to lib_rtti_impl.o(.constdata__ZTIN10__cxxabiv117__pbase_type_infoE) for typeinfo for __cxxabiv1::__pbase_type_info
    lib_rtti_impl.o(.constdata__ZTIN10__cxxabiv129__pointer_to_member_type_infoE) refers to lib_rtti_impl.o(.constdata__ZTVN10__cxxabiv120__si_class_type_infoE) for vtable for __cxxabiv1::__si_class_type_info
    lib_rtti_impl.o(.constdata__ZTIN10__cxxabiv129__pointer_to_member_type_infoE) refers to lib_rtti_impl.o(.constdata__ZTSN10__cxxabiv129__pointer_to_member_type_infoE) for typeinfo name for __cxxabiv1::__pointer_to_member_type_info
    lib_rtti_impl.o(.constdata__ZTIN10__cxxabiv129__pointer_to_member_type_infoE) refers to lib_rtti_impl.o(.constdata__ZTIN10__cxxabiv117__pbase_type_infoE) for typeinfo for __cxxabiv1::__pbase_type_info
    type_info_dtor.o(.constdata__ZTVSt9type_info) refers to type_info_dtor.o(.constdata__ZTISt9type_info) for typeinfo for std::type_info
    type_info_dtor.o(.constdata__ZTVSt9type_info) refers to type_info_dtor.o(i._ZNSt9type_infoD1Ev) for std::type_info::~type_info()
    type_info_dtor.o(.constdata__ZTVSt9type_info) refers to type_info_dtor.o(i._ZNSt9type_infoD0Ev) for std::type_info::~type_info__deallocating()
    type_info_dtor.o(.constdata__ZTISt9type_info) refers to lib_rtti_impl.o(.constdata__ZTVN10__cxxabiv117__class_type_infoE) for vtable for __cxxabiv1::__class_type_info
    type_info_dtor.o(.constdata__ZTISt9type_info) refers to type_info_dtor.o(.constdata__ZTSSt9type_info) for typeinfo name for std::type_info


==============================================================================

Removing Unused exception sections from the image.

    Removing entry.o(.ARM.exidx), (8 bytes).
    Removing main.o(.ARM.exidx), (8 bytes).
    Removing main.o(.ARM.exidx), (8 bytes).
    Removing main.o(.ARM.exidx), (8 bytes).
    Removing main.o(.ARM.exidx), (8 bytes).
    Removing main.o(.ARM.exidx), (8 bytes).
    Removing main.o(.ARM.exidx), (8 bytes).
    Removing main.o(.ARM.exidx), (8 bytes).
    Removing main.o(.ARM.exidx), (8 bytes).
    Removing main.o(.ARM.exidx), (8 bytes).
    Removing main.o(.ARM.exidx), (8 bytes).
    Removing main.o(.ARM.exidx), (8 bytes).

12 unused section(s) (total 96 bytes) removed from the image.

==============================================================================

Image Symbol Table

    Local Symbols

    Symbol Name                              Value     Ov Type        Size  Object(Section)

    ../../../edgfe/lib_src/pure_virt.c       0x00000000   Number         0  pure_virt.o ABSOLUTE
    ../../../edgfe/lib_src/typeinfo.c        0x00000000   Number         0  type_info_dtor.o ABSOLUTE
    ../../../edgfe/lib_src/typeinfo.c        0x00000000   Number         0  lib_rtti_impl.o ABSOLUTE
    ../clib/angel/rt.s                       0x00000000   Number         0  rt_raise.o ABSOLUTE
    ../clib/angel/sys.s                      0x00000000   Number         0  indicate_semi.o ABSOLUTE
    ../clib/angel/sys.s                      0x00000000   Number         0  use_no_semi.o ABSOLUTE
    ../clib/angel/sysapp.c                   0x00000000   Number         0  sys_wrch.o ABSOLUTE
    ../clib/angel/sysapp.c                   0x00000000   Number         0  sys_exit.o ABSOLUTE
    ../clib/heapaux.c                        0x00000000   Number         0  heapauxi.o ABSOLUTE
    ../clib/signal.c                         0x00000000   Number         0  defsig_general.o ABSOLUTE
    ../clib/signal.c                         0x00000000   Number         0  defsig_abrt_inner.o ABSOLUTE
    ../clib/signal.c                         0x00000000   Number         0  defsig_fpe_inner.o ABSOLUTE
    ../clib/signal.c                         0x00000000   Number         0  defsig_rtmem_inner.o ABSOLUTE
    ../clib/signal.c                         0x00000000   Number         0  defsig_stak_inner.o ABSOLUTE
    ../clib/signal.c                         0x00000000   Number         0  defsig_pvfn_outer.o ABSOLUTE
    ../clib/signal.c                         0x00000000   Number         0  defsig_cppl_inner.o ABSOLUTE
    ../clib/signal.c                         0x00000000   Number         0  __raise.o ABSOLUTE
    ../clib/signal.c                         0x00000000   Number         0  defsig_other.o ABSOLUTE
    ../clib/signal.c                         0x00000000   Number         0  defsig_segv_inner.o ABSOLUTE
    ../clib/signal.c                         0x00000000   Number         0  defsig_pvfn_inner.o ABSOLUTE
    ../clib/signal.c                         0x00000000   Number         0  defsig_exit.o ABSOLUTE
    ../clib/signal.c                         0x00000000   Number         0  defsig_pvfn_formal.o ABSOLUTE
    ../clib/signal.c                         0x00000000   Number         0  defsig_rtred_inner.o ABSOLUTE
    ../clib/signal.s                         0x00000000   Number         0  defsig.o ABSOLUTE
    Lib\entry.cpp                            0x00000000   Number         0  entry.o ABSOLUTE
    Lib\main.cpp                             0x00000000   Number         0  main.o ABSOLUTE
    Lib\startup.s                            0x00000000   Number         0  startup.o ABSOLUTE
    dc.s                                     0x00000000   Number         0  dc.o ABSOLUTE
    .ARM.__AT_0x08020000                     0x08020000   Section        4  entry.o(.ARM.__AT_0x08020000)
    .text                                    0x08020004   Section       32  startup.o(.text)
    RESET                                    0x08020004   Section        0  startup.o(RESET)
    $v0                                      0x08020004   Number         0  startup.o(.text)
    .text                                    0x08020024   Section        0  heapauxi.o(.text)
    i._Z3foohR9cORBlocal                     0x0802002a   Section        0  entry.o(i._Z3foohR9cORBlocal)
    i._Z4MainhR9cORBlocal                    0x08020044   Section        0  main.o(i._Z4MainhR9cORBlocal)
    i._ZN12cApplication3runEh                0x080200a4   Section        0  main.o(i._ZN12cApplication3runEh)
    i._ZN6Memory4ItemC1Em                    0x08020124   Section        0  main.o(i._ZN6Memory4ItemC1Em)
    i._ZN6Memory4ItemcviEv                   0x0802013a   Section        0  main.o(i._ZN6Memory4ItemcviEv)
    i._ZN6Memory5storeEv                     0x08020140   Section        0  main.o(i._ZN6Memory5storeEv)
    i._ZN6Memory7addItemEPNS_4ItemEm         0x080201c8   Section        0  main.o(i._ZN6Memory7addItemEPNS_4ItemEm)
    i._ZN6Sensor3getEv                       0x08020224   Section        0  main.o(i._ZN6Sensor3getEv)
    i._ZN6Sensor4initEh                      0x08020358   Section        0  main.o(i._ZN6Sensor4initEh)
    i._ZN6SensorC1ENS_15SensorPort_typeEh    0x0802052c   Section        0  main.o(i._ZN6SensorC1ENS_15SensorPort_typeEh)
    i._ZN7Monitor5clearEv                    0x08020590   Section        0  main.o(i._ZN7Monitor5clearEv)
    i._ZN7Monitor5printEhPKcz                0x080205c8   Section        0  main.o(i._ZN7Monitor5printEhPKcz)
    .constdata__ZTI12cApplication            0x080205f8   Section       12  main.o(.constdata__ZTI12cApplication)
    .constdata__ZTI16cApplicationBase        0x08020604   Section        8  main.o(.constdata__ZTI16cApplicationBase)
    .constdata__ZTI5ValueIiE                 0x0802060c   Section        8  main.o(.constdata__ZTI5ValueIiE)
    .constdata__ZTI6Sensor                   0x08020614   Section       12  main.o(.constdata__ZTI6Sensor)
    .constdata__ZTS12cApplication            0x08020620   Section       15  main.o(.constdata__ZTS12cApplication)
    .constdata__ZTS16cApplicationBase        0x0802062f   Section       19  main.o(.constdata__ZTS16cApplicationBase)
    .constdata__ZTS5ValueIiE                 0x08020642   Section       10  main.o(.constdata__ZTS5ValueIiE)
    .constdata__ZTS6Sensor                   0x0802064c   Section        8  main.o(.constdata__ZTS6Sensor)
    .constdata__ZTV12cApplication            0x08020654   Section       12  main.o(.constdata__ZTV12cApplication)
    .constdata__ZTV16cApplicationBase        0x08020660   Section       12  main.o(.constdata__ZTV16cApplicationBase)
    .constdata__ZTV5ValueIiE                 0x0802066c   Section       12  main.o(.constdata__ZTV5ValueIiE)
    .constdata__ZTV6Sensor                   0x08020678   Section       12  main.o(.constdata__ZTV6Sensor)
    .constdata__ZTVN10__cxxabiv117__class_type_infoE 0x08020684   Section       16  lib_rtti_impl.o(.constdata__ZTVN10__cxxabiv117__class_type_infoE)
    .constdata__ZTVN10__cxxabiv120__si_class_type_infoE 0x08020694   Section       16  lib_rtti_impl.o(.constdata__ZTVN10__cxxabiv120__si_class_type_infoE)
    .data                                    0x10000000   Section        8  main.o(.data)
    HEAP                                     0x10000008   Section     1920  startup.o(HEAP)
    Heap_Mem                                 0x10000008   Data        1920  startup.o(HEAP)
    STACK                                    0x10000788   Section     1920  startup.o(STACK)
    Stack_Mem                                0x10000788   Data        1920  startup.o(STACK)

    Global Symbols

    Symbol Name                              Value     Ov Type        Size  Object(Section)

    BuildAttributes$$THM_ISAv4$E$P$D$K$B$S$7EM$VFPi3$EXTD16$VFPS$VFMA$PE$A:L22UL41UL21$X:L11$S22US41US21$IEEE1$IW$USESV6$~STKCKD$USESV7$~SHL$OSPACE$ROPI$EBA8$UX$STANDARDLIB$REQ8$PRES8$EABIv2 0x00000000   Number         0  anon$$obj.o ABSOLUTE
    typeinfo for ORB                          - Undefined Weak Reference
    typeinfo for cORBlocal                    - Undefined Weak Reference
    __sigvec_lookup                           - Undefined Weak Reference
    x2                                       0x08020000   Data           4  entry.o(.ARM.__AT_0x08020000)
    Reset_Handler                            0x08020005   Thumb Code     0  startup.o(.text)
    __user_initial_stackheap                 0x08020009   Thumb Code     0  startup.o(.text)
    __use_two_region_memory                  0x08020025   Thumb Code     2  heapauxi.o(.text)
    __rt_heap_escrow$2region                 0x08020027   Thumb Code     2  heapauxi.o(.text)
    __rt_heap_expand$2region                 0x08020029   Thumb Code     2  heapauxi.o(.text)
    foo(unsigned char, cORBlocal&)           0x0802002b   Thumb Code    24  entry.o(i._Z3foohR9cORBlocal)
    Main(unsigned char, cORBlocal&)          0x08020045   Thumb Code    80  main.o(i._Z4MainhR9cORBlocal)
    cApplication::run(unsigned char)         0x080200a5   Thumb Code    82  main.o(i._ZN12cApplication3runEh)
    Memory::Item::Item(unsigned long)        0x08020125   Thumb Code    22  main.o(i._ZN6Memory4ItemC1Em)
    Memory::Item::Item__sub_object(unsigned long) 0x08020125   Thumb Code     0  main.o(i._ZN6Memory4ItemC1Em)
    Memory::Item::operator int()             0x0802013b   Thumb Code     6  main.o(i._ZN6Memory4ItemcviEv)
    Memory::store()                          0x08020141   Thumb Code   126  main.o(i._ZN6Memory5storeEv)
    Memory::addItem(Memory::Item*, unsigned long) 0x080201c9   Thumb Code    82  main.o(i._ZN6Memory7addItemEPNS_4ItemEm)
    Sensor::get()                            0x08020225   Thumb Code   304  main.o(i._ZN6Sensor3getEv)
    Sensor::init(unsigned char)              0x08020359   Thumb Code   454  main.o(i._ZN6Sensor4initEh)
    Sensor::Sensor(Sensor::SensorPort_type, unsigned char) 0x0802052d   Thumb Code    88  main.o(i._ZN6SensorC1ENS_15SensorPort_typeEh)
    Sensor::Sensor__sub_object(Sensor::SensorPort_type, unsigned char) 0x0802052d   Thumb Code     0  main.o(i._ZN6SensorC1ENS_15SensorPort_typeEh)
    Monitor::clear()                         0x08020591   Thumb Code    50  main.o(i._ZN7Monitor5clearEv)
    Monitor::print(unsigned char, const char*, ...) 0x080205c9   Thumb Code    48  main.o(i._ZN7Monitor5printEhPKcz)
    typeinfo for cApplication                0x080205f8   Data          12  main.o(.constdata__ZTI12cApplication)
    typeinfo for cApplicationBase            0x08020604   Data           8  main.o(.constdata__ZTI16cApplicationBase)
    typeinfo for Value<int>                  0x0802060c   Data           8  main.o(.constdata__ZTI5ValueIiE)
    typeinfo for Sensor                      0x08020614   Data          12  main.o(.constdata__ZTI6Sensor)
    typeinfo name for cApplication           0x08020620   Data          15  main.o(.constdata__ZTS12cApplication)
    typeinfo name for cApplicationBase       0x0802062f   Data          19  main.o(.constdata__ZTS16cApplicationBase)
    typeinfo name for Value<int>             0x08020642   Data          10  main.o(.constdata__ZTS5ValueIiE)
    typeinfo name for Sensor                 0x0802064c   Data           8  main.o(.constdata__ZTS6Sensor)
    vtable for cApplication                  0x08020654   Data          12  main.o(.constdata__ZTV12cApplication)
    vtable for cApplicationBase              0x08020660   Data          12  main.o(.constdata__ZTV16cApplicationBase)
    vtable for Value<int>                    0x0802066c   Data          12  main.o(.constdata__ZTV5ValueIiE)
    vtable for Sensor                        0x08020678   Data          12  main.o(.constdata__ZTV6Sensor)
    vtable for __cxxabiv1::__class_type_info 0x08020684   Data          16  lib_rtti_impl.o(.constdata__ZTVN10__cxxabiv117__class_type_infoE)
    vtable for __cxxabiv1::__si_class_type_info 0x08020694   Data          16  lib_rtti_impl.o(.constdata__ZTVN10__cxxabiv120__si_class_type_infoE)
    Memory::first                            0x10000000   Data           4  main.o(.data)
    orbPtr                                   0x10000004   Data           4  main.o(.data)



==============================================================================

Memory Map of the image

  Image entry point : Not specified.

  Load Region LR_IROM2 (Base: 0x08020000, Size: 0x000006ac, Max: 0x00080000, ABSOLUTE)

    Execution Region ER_IROM2 (Base: 0x08020000, Size: 0x000006a4, Max: 0x00080000, ABSOLUTE)

    Base Addr    Size         Type   Attr      Idx    E Section Name        Object

    0x08020000   0x00000004   Data   RO            2    .ARM.__AT_0x08020000  entry.o
    0x08020004   0x00000000   Data   RO          198    RESET               startup.o
    0x08020004   0x00000020   Code   RO          199    .text               startup.o
    0x08020024   0x00000006   Code   RO          205    .text               c_w.l(heapauxi.o)
    0x0802002a   0x00000018   Code   RO            1    i._Z3foohR9cORBlocal  entry.o
    0x08020042   0x00000002   PAD
    0x08020044   0x00000060   Code   RO           34    i._Z4MainhR9cORBlocal  main.o
    0x080200a4   0x00000080   Code   RO           75    i._ZN12cApplication3runEh  main.o
    0x08020124   0x00000016   Code   RO          106    i._ZN6Memory4ItemC1Em  main.o
    0x0802013a   0x00000006   Code   RO           94    i._ZN6Memory4ItemcviEv  main.o
    0x08020140   0x00000088   Code   RO           35    i._ZN6Memory5storeEv  main.o
    0x080201c8   0x0000005c   Code   RO           36    i._ZN6Memory7addItemEPNS_4ItemEm  main.o
    0x08020224   0x00000134   Code   RO           68    i._ZN6Sensor3getEv  main.o
    0x08020358   0x000001d4   Code   RO           87    i._ZN6Sensor4initEh  main.o
    0x0802052c   0x00000064   Code   RO          100    i._ZN6SensorC1ENS_15SensorPort_typeEh  main.o
    0x08020590   0x00000038   Code   RO           81    i._ZN7Monitor5clearEv  main.o
    0x080205c8   0x00000030   Code   RO           61    i._ZN7Monitor5printEhPKcz  main.o
    0x080205f8   0x0000000c   Data   RO          123    .constdata__ZTI12cApplication  main.o
    0x08020604   0x00000008   Data   RO          120    .constdata__ZTI16cApplicationBase  main.o
    0x0802060c   0x00000008   Data   RO          121    .constdata__ZTI5ValueIiE  main.o
    0x08020614   0x0000000c   Data   RO          122    .constdata__ZTI6Sensor  main.o
    0x08020620   0x0000000f   Data   RO          127    .constdata__ZTS12cApplication  main.o
    0x0802062f   0x00000013   Data   RO          124    .constdata__ZTS16cApplicationBase  main.o
    0x08020642   0x0000000a   Data   RO          125    .constdata__ZTS5ValueIiE  main.o
    0x0802064c   0x00000008   Data   RO          126    .constdata__ZTS6Sensor  main.o
    0x08020654   0x0000000c   Data   RO          119    .constdata__ZTV12cApplication  main.o
    0x08020660   0x0000000c   Data   RO          117    .constdata__ZTV16cApplicationBase  main.o
    0x0802066c   0x0000000c   Data   RO          113    .constdata__ZTV5ValueIiE  main.o
    0x08020678   0x0000000c   Data   RO          115    .constdata__ZTV6Sensor  main.o
    0x08020684   0x00000010   Data   RO          279    .constdata__ZTVN10__cxxabiv117__class_type_infoE  cpprt_w.l(lib_rtti_impl.o)
    0x08020694   0x00000010   Data   RO          281    .constdata__ZTVN10__cxxabiv120__si_class_type_infoE  cpprt_w.l(lib_rtti_impl.o)


    Execution Region RW_IRAM2 (Base: 0x10000000, Size: 0x00000f08, Max: 0x00001000, ABSOLUTE)

    Base Addr    Size         Type   Attr      Idx    E Section Name        Object

    0x10000000   0x00000008   Data   RW           42    .data               main.o
    0x10000008   0x00000780   Zero   RW          197    HEAP                startup.o
    0x10000788   0x00000780   Zero   RW          196    STACK               startup.o


==============================================================================

Image component sizes


      Code (inc. data)   RO Data    RW Data    ZI Data      Debug   Object Name

        24          0          4          0          0      10507   entry.o
      1460        136        140          8          0      13524   main.o
        32         20          0          0       3840        284   startup.o

    ----------------------------------------------------------------------
      1518        156        144          8       3840      24315   Object Totals
         0          0          0          0          0          0   (incl. Generated)
         2          0          0          0          0          0   (incl. Padding)

    ----------------------------------------------------------------------

      Code (inc. data)   RO Data    RW Data    ZI Data      Debug   Library Member Name

         6          0          0          0          0        152   heapauxi.o
         0          0         32          0          0          0   lib_rtti_impl.o

    ----------------------------------------------------------------------
         6          0         32          0          0        152   Library Totals
         0          0          0          0          0          0   (incl. Padding)

    ----------------------------------------------------------------------

      Code (inc. data)   RO Data    RW Data    ZI Data      Debug   Library Name

         6          0          0          0          0        152   c_w.l
         0          0         32          0          0          0   cpprt_w.l

    ----------------------------------------------------------------------
         6          0         32          0          0        152   Library Totals

    ----------------------------------------------------------------------

==============================================================================


      Code (inc. data)   RO Data    RW Data    ZI Data      Debug   

      1524        156        176          8       3840      23367   Grand Totals
      1524        156        176          8       3840      23367   ELF Image Totals
      1524        156        176          8          0          0   ROM Totals

==============================================================================

    Total RO  Size (Code + RO Data)                 1700 (   1.66kB)
    Total RW  Size (RW Data + ZI Data)              3848 (   3.76kB)
    Total ROM Size (Code + RO Data + RW Data)       1708 (   1.67kB)

==============================================================================

